1787692975.374657	worker	57025	gen1	election_won	gen=0
1787692976.085413	worker	57025	gen1	ready	after=0.7104
1787692976.248723	worker	57025	gen1	S_claim	job=w0
1787692976.249051	worker	57025	gen1	kill_attempt	by=worker-claim site=pidfile target=none result=no_target job=w0
1787692977.259684	worker	57025	gen1	synth_done	job=w0 wav=-
1787692977.260519	worker	57025	gen1	S2_prespawn_stat	job=w0 newer_waiting=0
1787692978.275342	worker	57025	gen1	P_popen	job=w0 player_pid=57075 pid_mode=worker record=pid
1787692978.277534	worker	57025	gen1	W_pid_write	job=w0 player_pid=57075 by=worker
1787692980.838760	worker	57025	gen1	player_exit	job=w0 player_pid=57075 rc=0 killed_by_sig=0 alive_s=2.5684
1787692981.429230	worker	57025	gen1	S_claim	job=j1a
1787692981.429558	worker	57025	gen1	kill_attempt	by=worker-claim site=pidfile via=record target=57075 sig=30 result=ESRCH job=j1a
1787692982.439973	worker	57025	gen1	synth_done	job=j1a wav=-
1787692982.440539	worker	57025	gen1	S2_prespawn_stat	job=j1a newer_waiting=0
1787692983.452369	worker	57025	gen1	P_popen	job=j1a player_pid=57126 pid_mode=worker record=pid
1787692983.454107	worker	57025	gen1	W_pid_write	job=j1a player_pid=57126 by=worker
1787692983.455346	worker	57025	gen1	S_claim	job=j1b
1787692983.455970	worker	57025	gen1	kill_attempt	by=worker-claim site=pidfile via=record target=57126 sig=30 result=sent job=j1b
1787692983.456215	worker	57025	gen1	player_exit	job=j1a player_pid=57126 rc=-30 killed_by_sig=30 alive_s=0.0077
1787692984.464229	worker	57025	gen1	synth_done	job=j1b wav=-
1787692984.464775	worker	57025	gen1	S2_prespawn_stat	job=j1b newer_waiting=0
1787692985.471570	worker	57025	gen1	P_popen	job=j1b player_pid=57142 pid_mode=worker record=pid
1787692985.472867	worker	57025	gen1	W_pid_write	job=j1b player_pid=57142 by=worker
1787692988.047079	worker	57025	gen1	player_exit	job=j1b player_pid=57142 rc=0 killed_by_sig=0 alive_s=2.5796
1787692989.187562	worker	57025	gen1	S_claim	job=j2a
1787692989.187851	worker	57025	gen1	kill_attempt	by=worker-claim site=pidfile via=record target=57142 sig=30 result=ESRCH job=j2a
1787692990.198284	worker	57025	gen1	synth_done	job=j2a wav=-
1787692990.199103	worker	57025	gen1	S2_prespawn_stat	job=j2a newer_waiting=0
1787692991.212837	worker	57025	gen1	P_popen	job=j2a player_pid=57199 pid_mode=worker record=pid
1787692991.214972	worker	57025	gen1	W_pid_write	job=j2a player_pid=57199 by=worker
1787692991.216670	worker	57025	gen1	S_claim	job=j2b
1787692991.217436	worker	57025	gen1	kill_attempt	by=worker-claim site=pidfile via=record target=57199 sig=30 result=sent job=j2b
1787692991.217787	worker	57025	gen1	player_exit	job=j2a player_pid=57199 rc=-30 killed_by_sig=30 alive_s=0.0101
1787692992.228294	worker	57025	gen1	synth_done	job=j2b wav=-
1787692992.229563	worker	57025	gen1	S2_prespawn_stat	job=j2b newer_waiting=0
1787692993.246129	worker	57025	gen1	P_popen	job=j2b player_pid=57215 pid_mode=worker record=pid
1787692993.248159	worker	57025	gen1	W_pid_write	job=j2b player_pid=57215 by=worker
1787692995.828912	worker	57025	gen1	player_exit	job=j2b player_pid=57215 rc=0 killed_by_sig=0 alive_s=2.5885
1787692996.946801	worker	57025	gen1	S_claim	job=j3a
1787692996.947254	worker	57025	gen1	kill_attempt	by=worker-claim site=pidfile via=record target=57215 sig=30 result=ESRCH job=j3a
1787692997.957755	worker	57025	gen1	synth_done	job=j3a wav=-
1787692997.958823	worker	57025	gen1	S2_prespawn_stat	job=j3a newer_waiting=0
1787692998.970404	worker	57025	gen1	P_popen	job=j3a player_pid=57256 pid_mode=worker record=pid
1787692998.971794	worker	57025	gen1	W_pid_write	job=j3a player_pid=57256 by=worker
1787692998.972500	worker	57025	gen1	S_claim	job=j3b
1787692998.972779	worker	57025	gen1	kill_attempt	by=worker-claim site=pidfile via=record target=57256 sig=30 result=sent job=j3b
1787692998.972995	worker	57025	gen1	player_exit	job=j3a player_pid=57256 rc=-30 killed_by_sig=30 alive_s=0.0059
1787692999.983106	worker	57025	gen1	synth_done	job=j3b wav=-
1787692999.983668	worker	57025	gen1	S2_prespawn_stat	job=j3b newer_waiting=0
1787693000.997205	worker	57025	gen1	P_popen	job=j3b player_pid=57272 pid_mode=worker record=pid
1787693000.999150	worker	57025	gen1	W_pid_write	job=j3b player_pid=57272 by=worker
1787693003.569848	worker	57025	gen1	player_exit	job=j3b player_pid=57272 rc=0 killed_by_sig=0 alive_s=2.5769
1787693004.678635	worker	57025	gen1	S_claim	job=j4a
1787693004.678970	worker	57025	gen1	kill_attempt	by=worker-claim site=pidfile via=record target=57272 sig=30 result=ESRCH job=j4a
1787693005.689562	worker	57025	gen1	synth_done	job=j4a wav=-
1787693005.690883	worker	57025	gen1	S2_prespawn_stat	job=j4a newer_waiting=0
1787693006.704696	worker	57025	gen1	P_popen	job=j4a player_pid=57328 pid_mode=worker record=pid
1787693006.706432	worker	57025	gen1	W_pid_write	job=j4a player_pid=57328 by=worker
1787693006.707713	worker	57025	gen1	S_claim	job=j4b
1787693006.708431	worker	57025	gen1	kill_attempt	by=worker-claim site=pidfile via=record target=57328 sig=30 result=sent job=j4b
1787693006.708689	worker	57025	gen1	player_exit	job=j4a player_pid=57328 rc=-30 killed_by_sig=30 alive_s=0.0096
1787693007.718965	worker	57025	gen1	synth_done	job=j4b wav=-
1787693007.720043	worker	57025	gen1	S2_prespawn_stat	job=j4b newer_waiting=0
1787693008.733558	worker	57025	gen1	P_popen	job=j4b player_pid=57344 pid_mode=worker record=pid
1787693008.735898	worker	57025	gen1	W_pid_write	job=j4b player_pid=57344 by=worker
1787693011.317586	worker	57025	gen1	player_exit	job=j4b player_pid=57344 rc=0 killed_by_sig=0 alive_s=2.5896
1787693012.432336	worker	57025	gen1	S_claim	job=j5a
1787693012.432890	worker	57025	gen1	kill_attempt	by=worker-claim site=pidfile via=record target=57344 sig=30 result=ESRCH job=j5a
1787693013.443450	worker	57025	gen1	synth_done	job=j5a wav=-
1787693013.445198	worker	57025	gen1	S2_prespawn_stat	job=j5a newer_waiting=0
1787693014.452671	worker	57025	gen1	P_popen	job=j5a player_pid=57395 pid_mode=worker record=pid
1787693014.454212	worker	57025	gen1	W_pid_write	job=j5a player_pid=57395 by=worker
1787693014.455291	worker	57025	gen1	S_claim	job=j5b
1787693014.455861	worker	57025	gen1	kill_attempt	by=worker-claim site=pidfile via=record target=57395 sig=30 result=sent job=j5b
1787693014.456142	worker	57025	gen1	player_exit	job=j5a player_pid=57395 rc=-30 killed_by_sig=30 alive_s=0.0072
1787693015.464967	worker	57025	gen1	synth_done	job=j5b wav=-
1787693015.465777	worker	57025	gen1	S2_prespawn_stat	job=j5b newer_waiting=0
1787693016.477311	worker	57025	gen1	P_popen	job=j5b player_pid=57411 pid_mode=worker record=pid
1787693016.478622	worker	57025	gen1	W_pid_write	job=j5b player_pid=57411 by=worker
1787693019.058313	worker	57025	gen1	player_exit	job=j5b player_pid=57411 rc=0 killed_by_sig=0 alive_s=2.5846
1787693020.181507	worker	57025	gen1	S_claim	job=j6a
1787693020.181892	worker	57025	gen1	kill_attempt	by=worker-claim site=pidfile via=record target=57411 sig=30 result=ESRCH job=j6a
1787693021.192265	worker	57025	gen1	synth_done	job=j6a wav=-
1787693021.192913	worker	57025	gen1	S2_prespawn_stat	job=j6a newer_waiting=0
1787693022.208263	worker	57025	gen1	P_popen	job=j6a player_pid=57472 pid_mode=worker record=pid
1787693022.209784	worker	57025	gen1	W_pid_write	job=j6a player_pid=57472 by=worker
1787693022.211576	worker	57025	gen1	S_claim	job=j6b
1787693022.212239	worker	57025	gen1	kill_attempt	by=worker-claim site=pidfile via=record target=57472 sig=30 result=sent job=j6b
1787693022.212556	worker	57025	gen1	player_exit	job=j6a player_pid=57472 rc=-30 killed_by_sig=30 alive_s=0.0092
1787693023.219053	worker	57025	gen1	synth_done	job=j6b wav=-
1787693023.220315	worker	57025	gen1	S2_prespawn_stat	job=j6b newer_waiting=0
1787693024.230327	worker	57025	gen1	P_popen	job=j6b player_pid=57489 pid_mode=worker record=pid
1787693024.234120	worker	57025	gen1	W_pid_write	job=j6b player_pid=57489 by=worker
1787693026.812335	worker	57025	gen1	player_exit	job=j6b player_pid=57489 rc=0 killed_by_sig=0 alive_s=2.5872
1787693027.914621	worker	57025	gen1	S_claim	job=j7a
1787693027.915068	worker	57025	gen1	kill_attempt	by=worker-claim site=pidfile via=record target=57489 sig=30 result=ESRCH job=j7a
1787693028.925523	worker	57025	gen1	synth_done	job=j7a wav=-
1787693028.926329	worker	57025	gen1	S2_prespawn_stat	job=j7a newer_waiting=0
1787693029.931089	worker	57025	gen1	P_popen	job=j7a player_pid=57550 pid_mode=worker record=pid
1787693029.932475	worker	57025	gen1	W_pid_write	job=j7a player_pid=57550 by=worker
1787693029.933391	worker	57025	gen1	S_claim	job=j7b
1787693029.933983	worker	57025	gen1	kill_attempt	by=worker-claim site=pidfile via=record target=57550 sig=30 result=sent job=j7b
1787693029.934308	worker	57025	gen1	player_exit	job=j7a player_pid=57550 rc=-30 killed_by_sig=30 alive_s=0.0063
1787693030.941660	worker	57025	gen1	synth_done	job=j7b wav=-
1787693030.942581	worker	57025	gen1	S2_prespawn_stat	job=j7b newer_waiting=0
1787693031.956866	worker	57025	gen1	P_popen	job=j7b player_pid=57566 pid_mode=worker record=pid
1787693031.957930	worker	57025	gen1	W_pid_write	job=j7b player_pid=57566 by=worker
1787693034.533994	worker	57025	gen1	player_exit	job=j7b player_pid=57566 rc=0 killed_by_sig=0 alive_s=2.5816
1787693035.670195	worker	57025	gen1	S_claim	job=j8a
1787693035.670607	worker	57025	gen1	kill_attempt	by=worker-claim site=pidfile via=record target=57566 sig=30 result=ESRCH job=j8a
1787693036.681108	worker	57025	gen1	synth_done	job=j8a wav=-
1787693036.681804	worker	57025	gen1	S2_prespawn_stat	job=j8a newer_waiting=0
1787693037.696018	worker	57025	gen1	P_popen	job=j8a player_pid=57616 pid_mode=worker record=pid
1787693037.698065	worker	57025	gen1	W_pid_write	job=j8a player_pid=57616 by=worker
1787693037.700156	worker	57025	gen1	S_claim	job=j8b
1787693037.701394	worker	57025	gen1	kill_attempt	by=worker-claim site=pidfile via=record target=57616 sig=30 result=sent job=j8b
1787693037.702654	worker	57025	gen1	player_exit	job=j8a player_pid=57616 rc=-30 killed_by_sig=30 alive_s=0.0126
1787693038.711564	worker	57025	gen1	synth_done	job=j8b wav=-
1787693038.711897	worker	57025	gen1	S2_prespawn_stat	job=j8b newer_waiting=0
1787693039.727599	worker	57025	gen1	P_popen	job=j8b player_pid=57633 pid_mode=worker record=pid
1787693039.729355	worker	57025	gen1	W_pid_write	job=j8b player_pid=57633 by=worker
1787693042.304548	worker	57025	gen1	player_exit	job=j8b player_pid=57633 rc=0 killed_by_sig=0 alive_s=2.5821
1787693043.422285	worker	57025	gen1	S_claim	job=j9a
1787693043.423294	worker	57025	gen1	kill_attempt	by=worker-claim site=pidfile via=record target=57633 sig=30 result=ESRCH job=j9a
1787693044.428845	worker	57025	gen1	synth_done	job=j9a wav=-
1787693044.429217	worker	57025	gen1	S2_prespawn_stat	job=j9a newer_waiting=0
1787693045.442229	worker	57025	gen1	P_popen	job=j9a player_pid=57699 pid_mode=worker record=pid
1787693045.443113	worker	57025	gen1	W_pid_write	job=j9a player_pid=57699 by=worker
1787693045.443451	worker	57025	gen1	S_claim	job=j9b
1787693045.443603	worker	57025	gen1	kill_attempt	by=worker-claim site=pidfile via=record target=57699 sig=30 result=sent job=j9b
1787693045.443690	worker	57025	gen1	player_exit	job=j9a player_pid=57699 rc=-30 killed_by_sig=30 alive_s=0.0042
1787693046.451099	worker	57025	gen1	synth_done	job=j9b wav=-
1787693046.451558	worker	57025	gen1	S2_prespawn_stat	job=j9b newer_waiting=0
1787693047.464284	worker	57025	gen1	P_popen	job=j9b player_pid=57715 pid_mode=worker record=pid
1787693047.464992	worker	57025	gen1	W_pid_write	job=j9b player_pid=57715 by=worker
1787693050.041482	worker	57025	gen1	player_exit	job=j9b player_pid=57715 rc=0 killed_by_sig=0 alive_s=2.5793
1787693051.151718	worker	57025	gen1	S_claim	job=j10a
1787693051.151965	worker	57025	gen1	kill_attempt	by=worker-claim site=pidfile via=record target=57715 sig=30 result=ESRCH job=j10a
1787693052.162520	worker	57025	gen1	synth_done	job=j10a wav=-
1787693052.163593	worker	57025	gen1	S2_prespawn_stat	job=j10a newer_waiting=0
1787693053.175601	worker	57025	gen1	P_popen	job=j10a player_pid=57775 pid_mode=worker record=pid
1787693053.176413	worker	57025	gen1	W_pid_write	job=j10a player_pid=57775 by=worker
1787693053.177137	worker	57025	gen1	S_claim	job=j10b
1787693053.177471	worker	57025	gen1	kill_attempt	by=worker-claim site=pidfile via=record target=57775 sig=30 result=sent job=j10b
1787693053.177677	worker	57025	gen1	player_exit	job=j10a player_pid=57775 rc=-30 killed_by_sig=30 alive_s=0.0049
1787693054.182276	worker	57025	gen1	synth_done	job=j10b wav=-
1787693054.183268	worker	57025	gen1	S2_prespawn_stat	job=j10b newer_waiting=0
1787693055.190918	worker	57025	gen1	P_popen	job=j10b player_pid=57776 pid_mode=worker record=pid
1787693055.192539	worker	57025	gen1	W_pid_write	job=j10b player_pid=57776 by=worker
1787693057.773970	worker	57025	gen1	player_exit	job=j10b player_pid=57776 rc=0 killed_by_sig=0 alive_s=2.5875
1787693058.890929	worker	57025	gen1	S_claim	job=j11a
1787693058.891334	worker	57025	gen1	kill_attempt	by=worker-claim site=pidfile via=record target=57776 sig=30 result=ESRCH job=j11a
1787693059.901849	worker	57025	gen1	synth_done	job=j11a wav=-
1787693059.902537	worker	57025	gen1	S2_prespawn_stat	job=j11a newer_waiting=0
1787693060.917761	worker	57025	gen1	P_popen	job=j11a player_pid=57832 pid_mode=worker record=pid
1787693060.920308	worker	57025	gen1	W_pid_write	job=j11a player_pid=57832 by=worker
1787693060.922469	worker	57025	gen1	S_claim	job=j11b
1787693060.923652	worker	57025	gen1	kill_attempt	by=worker-claim site=pidfile via=record target=57832 sig=30 result=sent job=j11b
1787693060.924215	worker	57025	gen1	player_exit	job=j11a player_pid=57832 rc=-30 killed_by_sig=30 alive_s=0.0124
1787693061.932704	worker	57025	gen1	synth_done	job=j11b wav=-
1787693061.933082	worker	57025	gen1	S2_prespawn_stat	job=j11b newer_waiting=0
1787693062.948274	worker	57025	gen1	P_popen	job=j11b player_pid=57852 pid_mode=worker record=pid
1787693062.950176	worker	57025	gen1	W_pid_write	job=j11b player_pid=57852 by=worker
1787693065.530876	worker	57025	gen1	player_exit	job=j11b player_pid=57852 rc=0 killed_by_sig=0 alive_s=2.5873
1787693066.655895	worker	57025	gen1	S_claim	job=j12a
1787693066.656267	worker	57025	gen1	kill_attempt	by=worker-claim site=pidfile via=record target=57852 sig=30 result=ESRCH job=j12a
1787693067.666692	worker	57025	gen1	synth_done	job=j12a wav=-
1787693067.667585	worker	57025	gen1	S2_prespawn_stat	job=j12a newer_waiting=0
1787693068.682617	worker	57025	gen1	P_popen	job=j12a player_pid=57912 pid_mode=worker record=pid
1787693068.684687	worker	57025	gen1	W_pid_write	job=j12a player_pid=57912 by=worker
1787693068.686144	worker	57025	gen1	S_claim	job=j12b
1787693068.686940	worker	57025	gen1	kill_attempt	by=worker-claim site=pidfile via=record target=57912 sig=30 result=sent job=j12b
1787693068.687309	worker	57025	gen1	player_exit	job=j12a player_pid=57912 rc=-30 killed_by_sig=30 alive_s=0.0103
1787693069.689172	worker	57025	gen1	synth_done	job=j12b wav=-
1787693069.690191	worker	57025	gen1	S2_prespawn_stat	job=j12b newer_waiting=0
1787693070.703518	worker	57025	gen1	P_popen	job=j12b player_pid=57932 pid_mode=worker record=pid
1787693070.705084	worker	57025	gen1	W_pid_write	job=j12b player_pid=57932 by=worker
1787693073.268056	worker	57025	gen1	player_exit	job=j12b player_pid=57932 rc=0 killed_by_sig=0 alive_s=2.5697
